eeschema (2013-07-07 BZR 4022)-stable  >> Creation date: 08/07/2014 04:23:05 p.m.
#Cmp ( order = Reference )
| BT1        BK-913      
| C1         10uF / 6V3  
| C2         100nF       
| C3         10uF        
| C4         100nF       
| C5         330uF       
| C6         10uF        
| C7         100nF       
| C8         100nF       
| C9         100nF       
| C10        100nF       
| C11        15p         
| C12        15p         
| C13        20p         
| C14        20p         
| C15        22p         
| C16        22p         
| C17        100nF       
| C18        100nF       
| C19        100nF       
| C20        100nF       
| C21        100nF       
| C22        100nF       
| C23        100nF       
| C24        100nF       
| C25        100nF       
| C26        100nF       
| C27        100nF       
| C28        100nF       
| C29        100nF       
| C30        100nF       
| C31        100nF       
| C32        100nF       
| C33        10uF        
| C34        100nF       
| C35        3.3uF       
| C36        100nF       
| C37        10uF        
| C38        100nF       
| C39        10uF        
| C40        100nF       
| C41        100nF       
| C42        100nF       
| C43        100nF       
| C44        100nF       
| C45        100nF       
| C46        100nF       
| C47        100nF       
| C48        100nF       
| D1         PSD12C      
| D2         PSD12C      
| D3         PSD12C      
| D4         PMEG3020EH  
| D5         PMEG3020EH  
| D6         LED red     
| D7         LED         
| D8         LED         
| D9         LED         
| F1         fiducial    
| F2         fiducial    
| F3         fiducial    
| F4         fiducial    
| F5         fiducial    
| F6         fiducial    
| FB1        BLM18KG221SN1
| FB2        MMZ1608B601C
| FB3        MMZ1608B601C
| FB4        MMZ1608B601C
| FB5        BLM18KG221SN1
| FB6        BLM18KG221SN1
| FB7        MMZ1608B601C
| FB8        MMZ1608B601C
| H1         4mm         
| H2         4mm         
| H3         4mm         
| H4         4mm         
| J1         TB_1X3      
| J2         ZX62-AB-5PA 
| J3         ZX62-AB-5PA 
| JP1        JUMPER-2    
| JP2        JUMPER-2    
| JP3        JUMPER-2    
| JP4        JUMPER-2    
| JP5        ISP         
| LED1       LED_ARBG    
| P1         CONN_20X2   
| P2         CONN_20X2   
| P3         Cortex-Debug
| PS1        USMF020     
| PS2        USMF020     
| Q1         2N7002      
| Q3         2N7002      
| Q4         2N7002      
| Q5         2N7002      
| Q9         2N7002      
| Q10        2N7002      
| R1         4K7         
| R2         4K7         
| R3         4K7         
| R4         100K        
| R5         100K        
| R6         680         
| R7         120         
| R8         680         
| R9         100 / 1/2W  
| R10        330k        
| R12        330k        
| R13        330k        
| R14        330k        
| R18        330k        
| R19        330k        
| R20        470         
| R21        1k2         
| R22        1k2         
| R23        1k2         
| R57        1k          
| R58        1k          
| R59        1k          
| R60        1k          
| R61        1k          
| R62        10k         
| R63        10k         
| R64        10k         
| R65        10k         
| R66        10k         
| R68        680         
| R70        10k         
| R71        10k         
| R72        680         
| R73        680         
| R74        10k         
| R76        680         
| R82        10k         
| R83        10k         
| R84        680         
| R85        680         
| R90        10K         
| R91        10M         
| R92        12K 1%      
| R93        10K         
| R94        10K         
| R95        2.2k        
| R96        15K         
| R97        2.2k        
| R98        15K         
| R99        10K         
| R100       10K         
| R101       2.2K        
| R102       10K         
| R103       12K 1%      
| R104       1k          
| R105       270         
| R106       10k         
| R107       0           
| R108       0           
| R109       0           
| R110       0           
| SW1        TEC_1       
| SW2        TEC_2       
| SW3        TEC_3       
| SW4        TEC_4       
| SW5        RESET       
| TH1        MF-MSMF030-2
| TH2        MF-MSMF110-2
| TH3        MF-MSMF030-2
| TH4        MF-MSMF110-2
| TR1        DLW21HN900SQ2
| TR2        DLW21HN900SQ2
| U1         MAX3072     
| U2         PRTR5V0U2X  
| U3         NCP1117ST33T3G
| U4         LPC4337JBD144
| U5         93C46       
| U6         FT2232H     
| U7         TXB0108     
| X1         32.768K     
| X2         12MHz       
| X3         12MHz       
| ZA1        SMAZ5V6     
#End Cmp

#Componentes ( orden = Valor )
| BK-913       BT1       
| 15p          C11       
| 15p          C12       
| 20p          C13       
| 20p          C14       
| 22p          C15       
| 22p          C16       
| 100nF        C2        
| 100nF        C4        
| 100nF        C7        
| 100nF        C8        
| 100nF        C9        
| 100nF        C10       
| 100nF        C17       
| 100nF        C18       
| 100nF        C19       
| 100nF        C20       
| 100nF        C21       
| 100nF        C22       
| 100nF        C23       
| 100nF        C24       
| 100nF        C25       
| 100nF        C26       
| 100nF        C27       
| 100nF        C28       
| 100nF        C29       
| 100nF        C30       
| 100nF        C31       
| 100nF        C32       
| 100nF        C34       
| 100nF        C36       
| 100nF        C38       
| 100nF        C40       
| 100nF        C41       
| 100nF        C42       
| 100nF        C43       
| 100nF        C44       
| 100nF        C45       
| 100nF        C46       
| 100nF        C47       
| 100nF        C48       
| 3.3uF        C35       
| 10uF / 6V3   C1        
| 10uF         C3        
| 10uF         C6        
| 10uF         C33       
| 10uF         C37       
| 10uF         C39       
| 330uF        C5        
| PSD12C       D1        
| PSD12C       D2        
| PSD12C       D3        
| PMEG3020EH   D4        
| PMEG3020EH   D5        
| LED red      D6        
| LED          D7        
| LED          D8        
| LED          D9        
| fiducial     F1        
| fiducial     F2        
| fiducial     F3        
| fiducial     F4        
| fiducial     F5        
| fiducial     F6        
| MMZ1608B601C FB7       
| MMZ1608B601C FB8       
| BLM18KG221SN1 FB1       
| MMZ1608B601C FB2       
| MMZ1608B601C FB3       
| MMZ1608B601C FB4       
| BLM18KG221SN1 FB5       
| BLM18KG221SN1 FB6       
| 4mm          H1        
| 4mm          H2        
| 4mm          H3        
| 4mm          H4        
| TB_1X3       J1        
| ZX62-AB-5PA  J2        
| ZX62-AB-5PA  J3        
| JUMPER-2     JP1       
| JUMPER-2     JP2       
| JUMPER-2     JP3       
| JUMPER-2     JP4       
| ISP          JP5       
| LED_ARBG     LED1      
| CONN_20X2    P1        
| CONN_20X2    P2        
| Cortex-Debug P3        
| USMF020      PS1       
| USMF020      PS2       
| 2N7002       Q1        
| 2N7002       Q3        
| 2N7002       Q4        
| 2N7002       Q5        
| 2N7002       Q9        
| 2N7002       Q10       
| 0            R107      
| 0            R108      
| 0            R109      
| 0            R110      
| 120          R7        
| 270          R105      
| 470          R20       
| 680          R6        
| 680          R8        
| 680          R68       
| 680          R72       
| 680          R73       
| 680          R76       
| 680          R84       
| 680          R85       
| 1k           R57       
| 1k           R58       
| 1k           R59       
| 1k           R60       
| 1k           R61       
| 1k           R104      
| 1k2          R21       
| 1k2          R22       
| 1k2          R23       
| 2.2k         R95       
| 2.2k         R97       
| 2.2K         R101      
| 4K7          R1        
| 4K7          R2        
| 4K7          R3        
| 10k          R62       
| 10k          R63       
| 10k          R64       
| 10k          R65       
| 10k          R66       
| 10k          R70       
| 10k          R71       
| 10k          R74       
| 10k          R82       
| 10k          R83       
| 10K          R90       
| 10K          R93       
| 10K          R94       
| 10K          R99       
| 10K          R100      
| 10K          R102      
| 10k          R106      
| 12K 1%       R92       
| 12K 1%       R103      
| 15K          R96       
| 15K          R98       
| 100K         R4        
| 100K         R5        
| 330k         R10       
| 330k         R12       
| 330k         R13       
| 330k         R14       
| 330k         R18       
| 330k         R19       
| 10M          R91       
| 100 / 1/2W   R9        
| TEC_1        SW1       
| TEC_2        SW2       
| TEC_3        SW3       
| TEC_4        SW4       
| RESET        SW5       
| MF-MSMF030-2 TH1       
| MF-MSMF110-2 TH2       
| MF-MSMF030-2 TH3       
| MF-MSMF110-2 TH4       
| DLW21HN900SQ2 TR1       
| DLW21HN900SQ2 TR2       
| 93C46        U5        
| FT2232H      U6        
| TXB0108      U7        
| MAX3072      U1        
| PRTR5V0U2X   U2        
| NCP1117ST33T3G U3        
| LPC4337JBD144 U4        
| 32.768K      X1        
| 12MHz        X2        
| 12MHz        X3        
| SMAZ5V6      ZA1       
#Fin Componentes

#Fin de Lista
