eeschema (2013-03-19 BZR 4004)-stable  >> Creation date: 05/05/2014 12:54:18 a.m.

#Componentes ( orden = Valor )
| CR2032_HOLDER BT201     
| 18pF         C204      
| 18pF         C207      
| 27pF         C201      
| 27pF         C202      
| 27pF         C216      
| 27pF         C220      
| 470pF        C905      
| 470pF        C906      
| 470pF        C907      
| 470pF        C908      
| 1nF          C901      
| 1nF          C902      
| 1nF          C903      
| 1nF          C904      
| 3,3nF        C222      
| 10nF         C208      
| 10nF         C212      
| 10nF         C1202     
| 100nF        C203      
| 100nF        C205      
| 100nF        C206      
| 100nF        C209      
| 100nF        C210      
| 100nF        C213      
| 100nF        C214      
| 100nF        C215      
| 100nF        C217      
| 100nF        C218      
| 100nF        C221      
| 100nF        C223      
| 100nF        C224      
| 100nF        C227      
| 100nF        C230      
| 100nF        C232      
| 100nF        C233      
| 100nF        C234      
| 100nF        C235      
| 100nF        C236      
| 100nF        C237      
| 100nF        C238      
| 100nF        C211      
| 100nF        C225      
| 100nF        C226      
| 100nF        C239      
| 100nF        C240      
| 100nF        C301      
| 100nF        C302      
| 100nF        C304      
| 100nF        C305      
| 100nF        C306      
| 100nF        C307      
| 100nF        C309      
| 100nF        C310      
| 100nF        C312      
| 100nF        C314      
| 100nF        C315      
| 100nF        C402      
| 100nF        C403      
| 100nF        C404      
| 100nF        C406      
| 100nF        C407      
| 100nF        C408      
| 100nF        C409      
| 100nF        C410      
| 100nF        C501      
| 100nF        C503      
| 100nF        C910      
| 100nF        C911      
| 100nF        C912      
| 100nF        C913      
| 100nF        C914      
| 100nF        C1002     
| 100nF        C1003     
| 100nF        C1005     
| 100nF        C1201     
| 1uF          C1001     
| 1uF          C1004     
| 4.7uF        C219      
| 4.7uF        C228      
| 4.7uF        C229      
| 4.7uF        C502      
| 10uF         C231      
| 10uF / 6.3V  C303      
| 10uF / 6V3   C401      
| 10uF / 6V3   C405      
| 10uF         C909      
| 10uF         C1103     
| 22uF / 6.3V  C308      
| 22uF / 6.3V  C311      
| 22uF / 6.3V  C313      
| 22uF / 6.3V  C316      
| 330uF        C1102     
| 330uF        C1105     
| 470uF        C1101     
| 470uF        C1104     
| BAT54C       D201      
| BAV199       D901      
| BAV199       D902      
| BAV199       D903      
| BAV199       D904      
| BAV199       D1201     
| BAV199       D1202     
| 1N4148       D301      
| 1N4148       D302      
| PSD12C       D401      
| PSD12C       D402      
| PSD12C       D403      
| LL4148       D701      
| LL4148       D702      
| LL4148       D703      
| LL4148       D704      
| LL4148       D705      
| LL4148       D706      
| LL4148       D707      
| LL4148       D708      
| BZX585-B6V8  D801      
| BZX585-B6V8  D802      
| BZX585-B6V8  D803      
| BZX585-B6V8  D804      
| LED red      D805      
| LED red      D806      
| LED red      D807      
| LED red      D808      
| LL4148       D809      
| LED red      D810      
| LL4148       D811      
| LED red      D812      
| LL4148       D813      
| LED red      D814      
| LL4148       D815      
| LED red      D816      
| LED green    D1001     
| RS3J-E3/57T  D1101     
| B540C-13-F   D1102     
| PMEG3020EH   D1103     
| PMEG3020EH   D1104     
| LED red      D1105     
| CONN_1       F1        
| CONN_1       F2        
| CONN_1       F3        
| CONN_1       F4        
| CONN_1       F5        
| CONN_1       F6        
| BLM18BD470SN1 FB401     
| BLM18BD470SN1 FB402     
| BLM18BD470SN1 FB403     
| BLM18BD470SN1 FB404     
| BLM18BD470SN1 FB405     
| BLM18KG221SN1 FB406     
| BLM18KG221SN1D FB501     
| MMZ1608B601C FB502     
| MMZ1608B601C FB901     
| MMZ1608B601C FB902     
| MMZ1608B601C FB903     
| MMZ1608B601C FB904     
| MMZ1608B601C FB1101    
| MMZ1608B601C FB1102    
| MMZ1608B601C FB1201    
| GS3          GS20      
| GS3          GS801     
| GS3          GS802     
| GS3          GS803     
| GS3          GS804     
| 4mm          H1        
| 4mm          H2        
| 4mm          H3        
| 4mm          H4        
| 4mm          H5        
| 4mm          H6        
| 4mm          H7        
| NB2304       IC301     
| PS2801-4     IC701     
| PS2801-4     IC702     
| CONN_5X2     J201      
| CONN_3       J202      
| ZX62-AB-5PA  J203      
| CONN_13X2    J204      
| HR911105A    J301      
| TB_1X3       J401      
| DB9          J402      
| TB_1X3       J403      
| USBA         J501      
| ZX62-AB-5PA  J502      
| 101-00303-68 J1001     
| TB_1X3       J701      
| TB_1X3       J702      
| TB_1X3       J703      
| TB_1X3       J801      
| TB_1X3       J802      
| TB_1X3       J803      
| TB_1X2       J804      
| TB_1X3       J805      
| TB_1X2       J806      
| TB_1X3       J901      
| TB_1X2       J902      
| TB_1X2       J1101     
| TB_1X2       J1201     
| JUMPER-2     JP401     
| JUMPER-2     JP402     
| JUMPER-2     JP403     
| JUMPER-2     JP404     
| JUMPER-2     JP405     
| JUMPER-2     JP406     
| JUMPER       JP901     
| JUMPER       JP902     
| JUMPER       JP903     
| JUMPER       JP904     
| JUMPER3      JP905     
| JUMPER3      JP906     
| JUMPER3      JP907     
| JUMPER3      JP908     
| JUMPER3      JP1201    
| G5V-2-DC5    K801      
| G5V-2-DC5    K802      
| G5V-2-DC5    K803      
| G5V-2-DC5    K804      
| 47uH         L1101     
| 330R         L205      
| 330R         L206      
| 600R / 0.5A  L203      
| 600R / 0.5A  L204      
| ACML0603101  L201      
| ACML0603101  L202      
| BK1608HS220-T L301      
| BK1608HS220-T L302      
| BK1608HS220-T L303      
| BK1608HS220-T L304      
| CONN_11X2    P601      
| I2C          P602      
| Analog       P603      
| SPI          P604      
| CONN_5X2     P605      
| CONN_6X2     P801      
| USMF020      PS401     
| USMF020      PS402     
| BC817-40     Q1201     
| PBSS5240XF   Q1202     
| IRF820S      Q805      
| IRF820S      Q806      
| IRF820S      Q807      
| IRF820S      Q808      
| NDS7002A     Q801      
| NDS7002A     Q802      
| NDS7002A     Q803      
| NDS7002A     Q804      
| NDS7002A     Q809      
| NDS7002A     Q810      
| NDS7002A     Q811      
| NDS7002A     Q812      
| BSS209PW     Q1001     
| 0R           R215      
| 0R           R216      
| 0R           R217      
| 0R           R218      
| 0            R1001     
| 0            R1002     
| 0            R1003     
| 0            R1004     
| 0            R1005     
| 0            R1006     
| 0            R1007     
| 0            R1014     
| 4.7          R901      
| 4.7          R902      
| 4.7          R903      
| 4.7          R904      
| 22           R205      
| 24.9         R1205     
| 33           R302      
| 33           R303      
| 33           R304      
| 33           R305      
| 33           R307      
| 33           R308      
| 50           R310      
| 50           R311      
| 50           R312      
| 50           R313      
| 60           R415      
| 60           R416      
| 100          R701      
| 100          R702      
| 100          R703      
| 100          R704      
| 100          R705      
| 100          R706      
| 100          R707      
| 100          R708      
| 100          R921      
| 100          R922      
| 100          R923      
| 100          R924      
| 120          R407      
| 237          R905      
| 237          R906      
| 237          R907      
| 237          R908      
| 270          R314      
| 270          R315      
| 270R         R411      
| 330R         R213      
| 330          R805      
| 330          R806      
| 330          R807      
| 330          R808      
| 330          R809      
| 330          R810      
| 330          R813      
| 330          R814      
| 680          R406      
| 680          R408      
| 680          R1016     
| 1k           R1101     
| 1K5          R413      
| 1K5          R414      
| 2K           R212      
| 2K2          R201      
| 2K2          R202      
| 2.2k         R1204     
| 2.49k        R1203     
| 4K7          R204      
| 4K7          R306      
| 4K7          R401      
| 4K7          R402      
| 4K7          R403      
| 4K7          R409      
| 4K7          R412      
| 6K49         R309      
| 10K          R206      
| 10K          R207      
| 10K          R208      
| 10K          R209      
| 10K          R211      
| 10K          R214      
| 10K          R301      
| 10k          R501      
| 10k          R502      
| 10k          R601      
| 10k          R602      
| 10k          R603      
| 10k          R604      
| 10k          R709      
| 10k          R710      
| 10k          R711      
| 10k          R712      
| 10k          R713      
| 10k          R714      
| 10k          R715      
| 10k          R716      
| 10k          R1008     
| 10k          R1009     
| 10k          R1010     
| 10k          R1011     
| 10k          R1012     
| 10k          R1013     
| 10k          R1015     
| 10k          R1017     
| 10K          R1206     
| 12K 1%       R210      
| 15k          R909      
| 15k          R910      
| 15k          R911      
| 15k          R912      
| 15k          R913      
| 15k          R914      
| 15k          R915      
| 15k          R916      
| 15k          R917      
| 15k          R918      
| 15k          R919      
| 15k          R920      
| 15k          R1201     
| 33k          R1202     
| 100K         R404      
| 100K         R405      
| 100k         R801      
| 100k         R802      
| 100k         R803      
| 100k         R804      
| 100k         R811      
| 100k         R812      
| 100k         R815      
| 100k         R816      
| 10M          R203      
| 100 / 1/2W   R410      
| NSI45020T1G  T701      
| NSI45020T1G  T702      
| NSI45020T1G  T703      
| NSI45020T1G  T704      
| NSI45020T1G  T705      
| NSI45020T1G  T706      
| NSI45020T1G  T707      
| NSI45020T1G  T708      
| NSI45020T1G  T801      
| NSI45020T1G  T802      
| NSI45020T1G  T803      
| NSI45020T1G  T804      
| MF-MSMF030-2 TH601     
| MF-MSMF030-2 TH602     
| MF-MSMF110   TH603     
| MF-MSMF030-2 TH604     
| PTS12066V100 TH801     
| PTS12066V100 TH802     
| PTS12066V100 TH803     
| PTS12066V100 TH804     
| PTS12066V100 TH805     
| PTS12066V100 TH806     
| PTS18126V300 TH1101    
| MF-USMF005-2 TH1201    
| DLW21HN900SQ2 TR201     
| DLW21HN900SQ2 TR501     
| FT2232H      U203      
| KSZ8041TL    U302      
| ST3232E      U402      
| TJA1040      U403      
| PESD1CAN     U404      
| MIC2025-2YM  U501      
| MCP6024      U901      
| 24AA1025     U1002     
| 24AA025E48   U1003     
| LM358N       U1201     
| MAX3072      U401      
| MK60FXXXXVLQ15 U201      
| 93C56        U202      
| CM1213A-02SR U204      
| TXB0108      U205      
| FXO-HC735-25 U301      
| PRTR5V0U2X   U502      
| S25FL032P0XMFI013 U1001     
| LM2596-5.0   U1101     
| NCP1117ST33T3G U1102     
| 32.768KHZ    X202      
| 12Mhz        X201      
| 12Mhz        X203      
| SMBJ20CA     ZA901     
| SMBJ20CA     ZA902     
| SMBJ20CA     ZA903     
| SMBJ20CA     ZA904     
| P6SMB33CA    ZA701     
| P6SMB33CA    ZA702     
| P6SMB33CA    ZA703     
| P6SMB33CA    ZA704     
| P6SMB33CA    ZA705     
| P6SMB33CA    ZA706     
| P6SMB33CA    ZA707     
| P6SMB33CA    ZA708     
| P6SMB33CA    ZA1101    
| SMAZ5V6      ZA1102    
#Fin Componentes

#Fin de Lista
