eeschema (2013-07-07 BZR 4022)-stable  >> Creation date: 11/03/2014 14:30:58
#Cmp ( order = Reference )
| BT1        BK-913      
| C1         10uF        
| C2         100nF       
| C3         100nF       
| C4         100nF       
| C5         10uF        
| C6         100nF       
| C7         470pF       
| C8         1nF         
| C9         100nF       
| C10        100nF       
| C11        18pF        
| C12        18pF        
| C13        18pF        
| C14        18pF        
| C15        100nF       
| C16        470uF       
| C17        330uF       
| C18        10uF        
| C19        100nF       
| C20        100nF       
| C21        10uF / 6V3  
| C22        100nF       
| C23        100nF       
| C24        100nF       
| C25        100nF       
| C26        100nF       
| C27        100nF       
| C28        10uF / 6V3  
| C29        100nF       
| C30        100nF       
| C31        10uF        
| C32        100nF       
| C33        100nF       
| C34        10uF        
| C35        100nF       
| C36        1nF         
| C37        100nF       
| C38        470pF       
| C39        100nF       
| C40        470pF       
| C41        100nF       
| C42        1nF         
| C43        100nF       
| C44        470pF       
| C45        100nF       
| C47        100nF       
| C48        100nF       
| C49        100nF       
| C50        100nF       
| C51        100nF       
| C52        100nF       
| C53        100nF       
| C54        100nF       
| C55        100nF       
| C56        100nF       
| C57        100nF       
| C58        100nF       
| C59        100nF       
| C60        10uF        
| C61        100nF       
| C62        100nF       
| C63        100nF       
| C64        100nF       
| C65        100nF       
| C66        100nF       
| C67        100nF       
| C68        10uF        
| C69        100nF       
| C70        100nF       
| C71        100nF       
| C72        100nF       
| C73        100nF       
| C74        100nF       
| C75        100nF       
| C76        100nF       
| C77        100nF       
| C78        10uF        
| C79        15p         
| C80        3.3uF       
| C81        15p         
| C82        20p         
| C83        20p         
| C84        22p         
| C85        22p         
| C86        100nF       
| C87        100nF       
| C90        100nF       
| C91        1nF         
| C92        470pF       
| C93        1nF         
| D1         PMEG3020EH  
| D2         RS3J-E3/57T 
| D3         B540C-13-F  
| D4         LED red     
| D5         PMEG3020EH  
| D6         PSD12C      
| D7         PSD12C      
| D8         PSD12C      
| D9         BAV199      
| D10        BAV199      
| D11        BAV199      
| D12        BAV199      
| D13        LED red     
| D14        LL4148      
| D15        LL4148      
| D16        LED red     
| D17        LL4148      
| D18        LED red     
| D19        LL4148      
| D20        LED red     
| D21        LED red     
| D22        LED red     
| D23        LED red     
| D24        LED red     
| D25        BZX585-B6V8 
| D26        BZX585-B6V8 
| D27        LL4148      
| D28        LL4148      
| D29        BZX585-B6V8 
| D30        LL4148      
| D31        LL4148      
| D32        BZX585-B6V8 
| D33        LED red     
| D34        LED red     
| D35        LED red     
| D36        LED red     
| D37        LL4148      
| D38        LED red     
| D39        LL4148      
| D40        LED red     
| D41        LL4148      
| D42        LED red     
| D43        LL4148      
| D44        LED red     
| D45        PMEG3020EH  
| FB1        MMZ1608B601C
| FB2        MMZ1608B601C
| FB3        MMZ1608B601C
| FB4        MMZ1608B601C
| FB5        MMZ1608B601C
| FB6        MMZ1608B601C
| FB7        BLM18KG221SN1
| FB8        MMZ1608B601C
| FB9        MMZ1608B601C
| FB10       MMZ1608B601C
| FB11       BLM18KG221SN1
| FB12       BLM18BD470SN1
| FB13       BLM18BD470SN1
| FB14       BLM18KG221SN1
| FB15       BLM18KG221SN1
| FB16       BLM18KG221SN1
| FB17       BLM18BD470SN1
| FB18       BLM18BD470SN1
| FB19       BLM18BD470SN1
| FB20       MMZ1608B601C
| GS1        GS2         
| GS2        GS2         
| GS3        GS2         
| GS4        GS2         
| GS5        GS2         
| GS6        GS3         
| GS7        GS3         
| GS8        GS3         
| GS9        GS3         
| GS10       GS3         
| IC1        PS2801-4    
| IC2        PS2801-4    
| J1         TB_1X3      
| J2         TB_1X3      
| J3         DB9         
| J4         TB_1X3      
| J6         ZX62-AB-5PA 
| J7         ZX62-AB-5PA 
| J8         TB_1X3      
| J9         TB_1X3      
| J10        TB_1X3      
| J11        TB_1X2      
| J12        TB_1X3      
| J13        TB_1X3      
| J14        TB_1X2      
| J15        TB_1X3      
| J16        TB_1X3      
| J17        TB_1X2      
| J18        TB_1X2      
| J19        TB_1X2      
| JP1        JUMPER-2    
| JP2        JUMPER-2    
| JP3        JUMPER-2    
| JP4        JUMPER-2    
| JP5        JUMPER-2    
| JP6        JUMPER-2    
| JP7        JUMPER      
| JP8        JUMPER3     
| JP9        JUMPER      
| JP10       JUMPER3     
| JP11       JUMPER      
| JP12       JUMPER3     
| JP13       JUMPER      
| JP14       JUMPER3     
| JP15       ISP         
| K1         G5V-2-DC5   
| K2         G5V-2-DC5   
| K3         G5V-2-DC5   
| K4         G5V-2-DC5   
| L1         BK1608HS220-T
| L2         47uH        
| P1         HR911105A   
| P2         CONN_6X2    
| P3         CONN_1      
| P4         CONN_1      
| P8         Cortex-Debug
| P9         FT_NC       
| P12        GPIO        
| P13        I2C         
| P14        SPI         
| P15        Analog      
| P16        ZX62-B-5PA  
| PS1        USMF020     
| PS2        USMF020     
| Q2         IRF820S     
| Q3         NDS7002A    
| Q4         IRF820S     
| Q5         NDS7002A    
| Q6         NDS7002A    
| Q7         NDS7002A    
| Q8         IRF820S     
| Q9         NDS7002A    
| Q10        IRF820S     
| Q11        NDS7002A    
| Q12        NDS7002A    
| Q13        NDS7002A    
| R1         1k5         
| R2         10k         
| R3         50          
| R4         50          
| R5         50          
| R6         50          
| R7         0           
| R8         0           
| R9         0           
| R10        22          
| R11        22          
| R12        22          
| R13        0           
| R14        0           
| R15        10k         
| R16        10k         
| R17        270         
| R18        270         
| R19        12.1k 1%    
| R20        24.9        
| R21        100k        
| R22        1k          
| R23        0           
| R24        0           
| R25        0           
| R26        0           
| R27        0           
| R28        0           
| R29        0           
| R30        0           
| R32        680         
| R33        100K        
| R34        4K7         
| R35        120         
| R36        4K7         
| R37        4K7         
| R38        100K        
| R39        680         
| R40        100 / 1/2W  
| R41        4K7         
| R42        1K5         
| R43        60          
| R44        270R        
| R45        1K5         
| R46        60          
| R47        4K7         
| R48        10k         
| R49        10k         
| R50        15k         
| R51        100         
| R52        15k         
| R53        4.7         
| R54        100         
| R55        237         
| R56        15k         
| R57        100         
| R58        15k         
| R59        15k         
| R60        100         
| R61        4.7         
| R62        237         
| R63        15k         
| R64        10k         
| R65        100         
| R66        10k         
| R67        100         
| R68        10k         
| R69        100         
| R70        10k         
| R71        100         
| R72        10k         
| R73        100         
| R74        10k         
| R75        100         
| R76        10k         
| R77        100         
| R78        10k         
| R79        100         
| R84        270         
| R85        10k         
| R86        0           
| R87        0           
| R88        0           
| R89        0           
| R90        10K         
| R91        10K         
| R92        10K         
| R93        15K         
| R94        15K         
| R95        12K 1%      
| R96        10M         
| R97        12K         
| R98        1k          
| R99        2.2k        
| R100       2.2k        
| R101       10K         
| R102       10K         
| R103       10K         
| R104       2.2K        
| R106       100k        
| R108       100k        
| R110       100k        
| R111       100k        
| R112       100k        
| R114       100k        
| R115       100k        
| R116       100k        
| R117       10k         
| R118       10k         
| R119       10k         
| R120       10k         
| R121       15k         
| R122       15k         
| R123       4.7         
| R124       237         
| R125       15k         
| R126       15k         
| R127       15k         
| R128       4.7         
| R129       237         
| R130       15k         
| R131       330         
| R132       330         
| R133       330         
| R134       330         
| R135       330         
| R136       330         
| R137       330         
| R138       330         
| SW1        SW_PUSH     
| T1         NSI45020T1G 
| T2         NSI45020T1G 
| T3         NSI45020T1G 
| T4         NSI45020T1G 
| T5         NSI45020T1G 
| T6         NSI45020T1G 
| T7         NSI45020T1G 
| T8         NSI45020T1G 
| T9         NSI45020T1G 
| T10        NSI45020T1G 
| T11        NSI45020T1G 
| T12        NSI45020T1G 
| TH1        PTS18126V300
| TH2        PTS12066V100
| TH3        PTS12066V100
| TH4        PTS12066V100
| TH5        PTS12066V100
| TH6        PTS12066V100
| TH7        PTS12066V100
| TH8        MF-MSMF030-2
| TH9        MF-MSMF030-2
| TR1        DLW21HN900SQ2
| TR2        DLW21HN900SQ2
| TR3        DLW21HN900SQ2
| U1         LAN8720A-CP 
| U2         SI502       
| U3         LM2596-5.0  
| U4         NCP1117ST33T3G
| U5         MAX3072     
| U6         ST3232E     
| U7         TJA1040     
| U8         PESD1CAN    
| U9         PRTR5V0U2X  
| U10        MIC2025-2YM 
| U11        MCP6024     
| U12        24AA1025    
| U13        24AA025E48  
| U14        TXB0108     
| U15        IS42S16400F 
| U16        LPC4337JBD144
| U17        FT2232H     
| U19        93C46       
| U20        S25FL032P0XMFI013
| X1         32.768K     
| X2         12MHz       
| X3         12MHz       
| ZA1        P6SMB33CA   
| ZA2        SMBJ20CA    
| ZA3        SMBJ20CA    
| ZA4        SMBJ20CA    
| ZA5        SMBJ20CA    
| ZA6        P6SMB33CA   
| ZA7        P6SMB33CA   
| ZA8        P6SMB33CA   
| ZA9        P6SMB33CA   
| ZA10       P6SMB33CA   
| ZA11       P6SMB33CA   
| ZA12       P6SMB33CA   
| ZA13       P6SMB33CA   
| ZA14       SMAZ5V6     
#End Cmp

#Componentes ( orden = Valor )
| BK-913       BT1       
| 15p          C79       
| 15p          C81       
| 18pF         C11       
| 18pF         C12       
| 18pF         C13       
| 18pF         C14       
| 20p          C82       
| 20p          C83       
| 22p          C84       
| 22p          C85       
| 470pF        C7        
| 470pF        C38       
| 470pF        C40       
| 470pF        C44       
| 470pF        C92       
| 1nF          C8        
| 1nF          C36       
| 1nF          C42       
| 1nF          C91       
| 1nF          C93       
| 100nF        C2        
| 100nF        C3        
| 100nF        C4        
| 100nF        C6        
| 100nF        C9        
| 100nF        C10       
| 100nF        C15       
| 100nF        C19       
| 100nF        C20       
| 100nF        C22       
| 100nF        C23       
| 100nF        C24       
| 100nF        C25       
| 100nF        C26       
| 100nF        C27       
| 100nF        C29       
| 100nF        C30       
| 100nF        C32       
| 100nF        C33       
| 100nF        C35       
| 100nF        C37       
| 100nF        C39       
| 100nF        C41       
| 100nF        C43       
| 100nF        C45       
| 100nF        C47       
| 100nF        C48       
| 100nF        C49       
| 100nF        C50       
| 100nF        C51       
| 100nF        C52       
| 100nF        C53       
| 100nF        C54       
| 100nF        C55       
| 100nF        C56       
| 100nF        C57       
| 100nF        C58       
| 100nF        C59       
| 100nF        C61       
| 100nF        C62       
| 100nF        C63       
| 100nF        C64       
| 100nF        C65       
| 100nF        C66       
| 100nF        C67       
| 100nF        C69       
| 100nF        C70       
| 100nF        C71       
| 100nF        C72       
| 100nF        C73       
| 100nF        C74       
| 100nF        C75       
| 100nF        C76       
| 100nF        C77       
| 100nF        C86       
| 100nF        C87       
| 100nF        C90       
| 3.3uF        C80       
| 10uF         C1        
| 10uF         C5        
| 10uF         C18       
| 10uF / 6V3   C21       
| 10uF / 6V3   C28       
| 10uF         C31       
| 10uF         C34       
| 10uF         C60       
| 10uF         C68       
| 10uF         C78       
| 330uF        C17       
| 470uF        C16       
| BAV199       D9        
| BAV199       D10       
| BAV199       D11       
| BAV199       D12       
| PMEG3020EH   D1        
| RS3J-E3/57T  D2        
| B540C-13-F   D3        
| LED red      D4        
| PMEG3020EH   D5        
| PSD12C       D6        
| PSD12C       D7        
| PSD12C       D8        
| LED red      D13       
| LL4148       D14       
| LL4148       D15       
| LED red      D16       
| LL4148       D17       
| LED red      D18       
| LL4148       D19       
| LED red      D20       
| LED red      D21       
| LED red      D22       
| LED red      D23       
| LED red      D24       
| BZX585-B6V8  D25       
| BZX585-B6V8  D26       
| LL4148       D27       
| LL4148       D28       
| BZX585-B6V8  D29       
| LL4148       D30       
| LL4148       D31       
| BZX585-B6V8  D32       
| LED red      D33       
| LED red      D34       
| LED red      D35       
| LED red      D36       
| LL4148       D37       
| LED red      D38       
| LL4148       D39       
| LED red      D40       
| LL4148       D41       
| LED red      D42       
| LL4148       D43       
| LED red      D44       
| PMEG3020EH   D45       
| MMZ1608B601C FB8       
| MMZ1608B601C FB9       
| MMZ1608B601C FB1       
| MMZ1608B601C FB2       
| MMZ1608B601C FB3       
| MMZ1608B601C FB4       
| MMZ1608B601C FB5       
| MMZ1608B601C FB6       
| BLM18KG221SN1 FB7       
| MMZ1608B601C FB10      
| BLM18KG221SN1 FB11      
| BLM18BD470SN1 FB12      
| BLM18BD470SN1 FB13      
| BLM18KG221SN1 FB14      
| BLM18KG221SN1 FB15      
| BLM18KG221SN1 FB16      
| BLM18BD470SN1 FB17      
| BLM18BD470SN1 FB18      
| BLM18BD470SN1 FB19      
| MMZ1608B601C FB20      
| GS2          GS1       
| GS2          GS2       
| GS2          GS3       
| GS2          GS4       
| GS2          GS5       
| GS3          GS6       
| GS3          GS7       
| GS3          GS8       
| GS3          GS9       
| GS3          GS10      
| PS2801-4     IC1       
| PS2801-4     IC2       
| TB_1X3       J2        
| DB9          J3        
| TB_1X3       J4        
| ZX62-AB-5PA  J6        
| ZX62-AB-5PA  J7        
| TB_1X3       J1        
| TB_1X3       J8        
| TB_1X3       J9        
| TB_1X3       J10       
| TB_1X2       J11       
| TB_1X3       J12       
| TB_1X3       J13       
| TB_1X2       J14       
| TB_1X3       J15       
| TB_1X3       J16       
| TB_1X2       J17       
| TB_1X2       J18       
| TB_1X2       J19       
| JUMPER-2     JP1       
| JUMPER-2     JP2       
| JUMPER-2     JP3       
| JUMPER-2     JP4       
| JUMPER-2     JP5       
| JUMPER-2     JP6       
| JUMPER       JP7       
| JUMPER3      JP8       
| JUMPER       JP9       
| JUMPER3      JP10      
| JUMPER       JP11      
| JUMPER3      JP12      
| JUMPER       JP13      
| JUMPER3      JP14      
| ISP          JP15      
| G5V-2-DC5    K1        
| G5V-2-DC5    K2        
| G5V-2-DC5    K3        
| G5V-2-DC5    K4        
| 47uH         L2        
| BK1608HS220-T L1        
| HR911105A    P1        
| CONN_6X2     P2        
| CONN_1       P3        
| CONN_1       P4        
| Cortex-Debug P8        
| FT_NC        P9        
| GPIO         P12       
| I2C          P13       
| SPI          P14       
| Analog       P15       
| ZX62-B-5PA   P16       
| USMF020      PS1       
| USMF020      PS2       
| IRF820S      Q2        
| IRF820S      Q4        
| IRF820S      Q8        
| IRF820S      Q10       
| NDS7002A     Q3        
| NDS7002A     Q5        
| NDS7002A     Q6        
| NDS7002A     Q7        
| NDS7002A     Q9        
| NDS7002A     Q11       
| NDS7002A     Q12       
| NDS7002A     Q13       
| 0            R7        
| 0            R8        
| 0            R9        
| 0            R13       
| 0            R14       
| 0            R23       
| 0            R24       
| 0            R25       
| 0            R26       
| 0            R27       
| 0            R28       
| 0            R29       
| 0            R30       
| 0            R86       
| 0            R87       
| 0            R88       
| 0            R89       
| 4.7          R53       
| 4.7          R61       
| 4.7          R123      
| 4.7          R128      
| 22           R10       
| 22           R11       
| 22           R12       
| 24.9         R20       
| 50           R3        
| 50           R4        
| 50           R5        
| 50           R6        
| 60           R43       
| 60           R46       
| 100          R51       
| 100          R54       
| 100          R57       
| 100          R60       
| 100          R65       
| 100          R67       
| 100          R69       
| 100          R71       
| 100          R73       
| 100          R75       
| 100          R77       
| 100          R79       
| 120          R35       
| 237          R55       
| 237          R62       
| 237          R124      
| 237          R129      
| 270          R17       
| 270          R18       
| 270R         R44       
| 270          R84       
| 330          R131      
| 330          R132      
| 330          R133      
| 330          R134      
| 330          R135      
| 330          R136      
| 330          R137      
| 330          R138      
| 680          R32       
| 680          R39       
| 1k           R22       
| 1k           R98       
| 1k5          R1        
| 1K5          R42       
| 1K5          R45       
| 2.2k         R99       
| 2.2k         R100      
| 2.2K         R104      
| 4K7          R34       
| 4K7          R36       
| 4K7          R37       
| 4K7          R41       
| 4K7          R47       
| 10k          R2        
| 10k          R15       
| 10k          R16       
| 10k          R48       
| 10k          R49       
| 10k          R64       
| 10k          R66       
| 10k          R68       
| 10k          R70       
| 10k          R72       
| 10k          R74       
| 10k          R76       
| 10k          R78       
| 10k          R85       
| 10K          R90       
| 10K          R91       
| 10K          R92       
| 10K          R101      
| 10K          R102      
| 10K          R103      
| 10k          R117      
| 10k          R118      
| 10k          R119      
| 10k          R120      
| 12K 1%       R95       
| 12K          R97       
| 12.1k 1%     R19       
| 15k          R50       
| 15k          R52       
| 15k          R56       
| 15k          R58       
| 15k          R59       
| 15k          R63       
| 15K          R93       
| 15K          R94       
| 15k          R121      
| 15k          R122      
| 15k          R125      
| 15k          R126      
| 15k          R127      
| 15k          R130      
| 100k         R21       
| 100K         R33       
| 100K         R38       
| 100k         R106      
| 100k         R108      
| 100k         R110      
| 100k         R111      
| 100k         R112      
| 100k         R114      
| 100k         R115      
| 100k         R116      
| 10M          R96       
| 100 / 1/2W   R40       
| SW_PUSH      SW1       
| NSI45020T1G  T1        
| NSI45020T1G  T2        
| NSI45020T1G  T3        
| NSI45020T1G  T4        
| NSI45020T1G  T5        
| NSI45020T1G  T6        
| NSI45020T1G  T7        
| NSI45020T1G  T8        
| NSI45020T1G  T9        
| NSI45020T1G  T10       
| NSI45020T1G  T11       
| NSI45020T1G  T12       
| PTS18126V300 TH1       
| PTS12066V100 TH2       
| PTS12066V100 TH3       
| PTS12066V100 TH4       
| PTS12066V100 TH5       
| PTS12066V100 TH6       
| PTS12066V100 TH7       
| MF-MSMF030-2 TH8       
| MF-MSMF030-2 TH9       
| DLW21HN900SQ2 TR1       
| DLW21HN900SQ2 TR2       
| DLW21HN900SQ2 TR3       
| LAN8720A-CP  U1        
| ST3232E      U6        
| TJA1040      U7        
| PESD1CAN     U8        
| MIC2025-2YM  U10       
| MCP6024      U11       
| 24AA1025     U12       
| 24AA025E48   U13       
| TXB0108      U14       
| IS42S16400F  U15       
| FT2232H      U17       
| 93C46        U19       
| MAX3072      U5        
| SI502        U2        
| LM2596-5.0   U3        
| NCP1117ST33T3G U4        
| PRTR5V0U2X   U9        
| LPC4337JBD144 U16       
| S25FL032P0XMFI013 U20       
| 32.768K      X1        
| 12MHz        X2        
| 12MHz        X3        
| SMBJ20CA     ZA2       
| SMBJ20CA     ZA3       
| SMBJ20CA     ZA4       
| SMBJ20CA     ZA5       
| P6SMB33CA    ZA1       
| P6SMB33CA    ZA6       
| P6SMB33CA    ZA7       
| P6SMB33CA    ZA8       
| P6SMB33CA    ZA9       
| P6SMB33CA    ZA10      
| P6SMB33CA    ZA11      
| P6SMB33CA    ZA12      
| P6SMB33CA    ZA13      
| SMAZ5V6      ZA14      
#Fin Componentes

#Fin de Lista
