eeschema (2013-07-07 BZR 4022)-stable  >> Creation date: 01/01/2015 01:09:29 p.m.
#Cmp ( order = Reference )
| BT1        CR2032      
| C1         18pF        
| C2         100nF       
| C3         100nF       
| C4         100nF       
| C5         18pF        
| C6         100nF       
| C7         100nF       
| C8         100nF       
| C9         100nF       
| C10        100nF       
| C11        100nF       
| C12        10uF        
| C13        100nF       
| C14        100nF       
| C15        2.2uF       
| C16        10nF        
| C17        100nF       
| C18        100nF       
| C19        100nF       
| C20        10nF        
| C21        100nF       
| C22        4,7uF       
| C23        100nF       
| C24        330uF       
| C25        100nF       
| C26        100nF       
| C27        10uF        
| C28        100nF       
| C29        4,7uF       
| C30        100nF       
| C31        100nF       
| C32        100nF       
| C33        4,7uF       
| C34        4,7uF       
| C35        100nF       
| C36        100nF       
| C37        100nF       
| C38        100nF       
| C39        100nF       
| C40        100nF       
| C41        100nF       
| C42        100nF       
| C43        100nF       
| C44        4,7uF       
| C45        100nF       
| C46        10uF        
| C47        100nF       
| D1         ST1         
| D2         ST2         
| D3         LL4148      
| D4         SMAJ5.0A    
| D7         LED         
| D8         LED         
| D9         LED         
| D31        MBRS130LT3G 
| D32        MBRS130LT3G 
| D33        MBRS130LT3G 
| D34        LED +5V     
| D35        BAT54C      
| D36        P6SMB12CAT3G
| D37        P6SMB12CAT3G
| D38        P6SMB12CAT3G
| F1         FIDUCIAL    
| F2         FIDUCIAL    
| F3         FIDUCIAL    
| F4         FIDUCIAL    
| F5         FIDUCIAL    
| F6         FIDUCIAL    
| FB1        ACML0603101 
| FB2        ACML0603101 
| FB3        BLM18KG221SN1D
| FB4        MMZ1608B601C
| FB5        MMZ1608B601C
| FB6        MMZ1608B601C
| FB7        MMZ1608B601C
| FB8        MMZ1608B601C
| FB9        MMZ1608B601C
| FB10       BLM18KG221SN1D
| G1         LOGO_CIAA   
| G2         OSHWA       
| H1         PCB_HOLE    
| H2         PCB_HOLE    
| H3         PCB_HOLE    
| H4         PCB_HOLE    
| J1         USB OTG     
| J6         DC-INPUT    
| J7         JTAG DEBUG USB
| J8         JTAG DIRECTO
| J9         RS485       
| JP1        JUMPER      
| JP2        JUMPER      
| JP3        JUMPER      
| JP4        JUMPER      
| LED1       LED_ARBG    
| P1         CONN_20X2   
| P2         CONN_20X2   
| Q1         2N7002      
| Q3         2N7002      
| Q4         2N7002      
| Q5         2N7002      
| Q9         2N7002      
| Q10        2N7002      
| R1         680         
| R2         2K2         
| R3         680         
| R4         2K2         
| R5         22          
| R6         100         
| R7         10K         
| R8         10k         
| R9         10k         
| R10        330k        
| R12        330k        
| R13        330k        
| R14        1k          
| R15        12K 1%      
| R16        1K          
| R17        100         
| R18        10K         
| R19        10K         
| R20        10K         
| R21        10K         
| R22        1k2         
| R23        1k2         
| R24        4K7         
| R25        4K7         
| R26        390         
| R27        220         
| R28        390         
| R29        100         
| R58        1k          
| R59        1k          
| R60        1k          
| R61        1k          
| R62        10k         
| R63        10k         
| R64        10k         
| R65        10k         
| R66        10k         
| R68        680         
| R70        10k         
| R71        10k         
| R72        680         
| R73        680         
| R74        10k         
| R76        680         
| R82        10k         
| R83        10k         
| R84        680         
| R85        680         
| SW1        RESET       
| SW2        TEC_2       
| SW3        TEC_3       
| SW4        TEC_4       
| TH1        MF-MSMF030-2
| TH2        MF-MSMF110-2
| TH3        MF-MSMF030-2
| TH4        MF-MSMF110-2
| TH5        USMF020     
| TP1        TESTPOINT_PDN
| TP2        TESTPOINT_PDN
| TR1        SRF2012     
| TR2        SRF2012     
| U1         MK60FX512VLQ15
| U2         SI501       
| U3         MIC2025-2YM 
| U4         PRTR5V0U2X  
| U5         NCP1117ST33T3G
| U6         SI501       
| U7         FT2232H     
| U8         74HC244     
| U9         PRTR5V0U2X  
| U10        93C56       
| U11        SP1486EEN-L 
| X1         32.768KHZ   
#End Cmp

#Componentes ( orden = Valor )
| CR2032       BT1       
| 18pF         C1        
| 18pF         C5        
| 10nF         C16       
| 10nF         C20       
| 100nF        C2        
| 100nF        C3        
| 100nF        C4        
| 100nF        C6        
| 100nF        C8        
| 100nF        C11       
| 100nF        C13       
| 100nF        C14       
| 100nF        C17       
| 100nF        C18       
| 100nF        C19       
| 100nF        C21       
| 100nF        C23       
| 100nF        C25       
| 100nF        C26       
| 100nF        C28       
| 100nF        C30       
| 100nF        C31       
| 100nF        C32       
| 100nF        C35       
| 100nF        C36       
| 100nF        C37       
| 100nF        C38       
| 100nF        C39       
| 100nF        C40       
| 100nF        C41       
| 100nF        C42       
| 100nF        C43       
| 100nF        C45       
| 100nF        C47       
| 100nF        C7        
| 100nF        C9        
| 100nF        C10       
| 2.2uF        C15       
| 4,7uF        C22       
| 4,7uF        C29       
| 4,7uF        C33       
| 4,7uF        C34       
| 4,7uF        C44       
| 10uF         C12       
| 10uF         C27       
| 10uF         C46       
| 330uF        C24       
| MBRS130LT3G  D31       
| MBRS130LT3G  D32       
| MBRS130LT3G  D33       
| P6SMB12CAT3G D36       
| P6SMB12CAT3G D37       
| P6SMB12CAT3G D38       
| SMAJ5.0A     D4        
| ST1          D1        
| ST2          D2        
| LED +5V      D34       
| LED          D7        
| LED          D8        
| LED          D9        
| LL4148       D3        
| BAT54C       D35       
| FIDUCIAL     F1        
| FIDUCIAL     F2        
| FIDUCIAL     F3        
| FIDUCIAL     F4        
| FIDUCIAL     F5        
| FIDUCIAL     F6        
| ACML0603101  FB1       
| ACML0603101  FB2       
| BLM18KG221SN1D FB3       
| MMZ1608B601C FB4       
| MMZ1608B601C FB5       
| MMZ1608B601C FB6       
| MMZ1608B601C FB7       
| MMZ1608B601C FB8       
| MMZ1608B601C FB9       
| BLM18KG221SN1D FB10      
| LOGO_CIAA    G1        
| OSHWA        G2        
| PCB_HOLE     H1        
| PCB_HOLE     H2        
| PCB_HOLE     H3        
| PCB_HOLE     H4        
| DC-INPUT     J6        
| RS485        J9        
| JTAG DIRECTO J8        
| USB OTG      J1        
| JTAG DEBUG USB J7        
| JUMPER       JP1       
| JUMPER       JP2       
| JUMPER       JP3       
| JUMPER       JP4       
| LED_ARBG     LED1      
| CONN_20X2    P1        
| CONN_20X2    P2        
| 2N7002       Q3        
| 2N7002       Q4        
| 2N7002       Q5        
| 2N7002       Q9        
| 2N7002       Q10       
| 2N7002       Q1        
| 22           R5        
| 100          R6        
| 100          R17       
| 100          R29       
| 220          R27       
| 390          R26       
| 390          R28       
| 680          R1        
| 680          R3        
| 680          R68       
| 680          R72       
| 680          R73       
| 680          R76       
| 680          R84       
| 680          R85       
| 1k           R14       
| 1K           R16       
| 1k           R58       
| 1k           R59       
| 1k           R60       
| 1k           R61       
| 1k2          R22       
| 1k2          R23       
| 2K2          R2        
| 2K2          R4        
| 4K7          R24       
| 4K7          R25       
| 10K          R7        
| 10k          R8        
| 10k          R9        
| 10K          R18       
| 10K          R19       
| 10K          R20       
| 10K          R21       
| 10k          R62       
| 10k          R63       
| 10k          R64       
| 10k          R65       
| 10k          R66       
| 10k          R70       
| 10k          R71       
| 10k          R74       
| 10k          R82       
| 10k          R83       
| 12K 1%       R15       
| 330k         R10       
| 330k         R12       
| 330k         R13       
| TEC_2        SW2       
| TEC_3        SW3       
| TEC_4        SW4       
| RESET        SW1       
| MF-MSMF030-2 TH1       
| MF-MSMF110-2 TH2       
| MF-MSMF030-2 TH3       
| MF-MSMF110-2 TH4       
| USMF020      TH5       
| TESTPOINT_PDN TP1       
| TESTPOINT_PDN TP2       
| SRF2012      TR1       
| SRF2012      TR2       
| MK60FX512VLQ15 U1        
| SI501        U2        
| SI501        U6        
| MIC2025-2YM  U3        
| 93C56        U10       
| SP1486EEN-L  U11       
| PRTR5V0U2X   U4        
| PRTR5V0U2X   U9        
| NCP1117ST33T3G U5        
| FT2232H      U7        
| 74HC244      U8        
| 32.768KHZ    X1        
#Fin Componentes

#Fin de Lista
