eeschema (2013-07-07 BZR 4022)-stable  >> Creation date: 09/01/2015 07:18:55 p.m.
#Cmp ( order = Reference )
| BT1        CR2032      
| C1         100nF       
| C2         4,7uF       
| C3         100nF       
| C4         330uF       
| C5         100nF       
| C6         100nF       
| C7         10uF        
| C8         100nF       
| C9         4,7uF       
| C10        100nF       
| C11        100nF       
| C12        100nF       
| C13        4,7uF       
| C14        4,7uF       
| C15        100nF       
| C16        100nF       
| C17        100nF       
| C18        100nF       
| C19        100nF       
| C20        100nF       
| C21        100nF       
| C22        100nF       
| C23        100nF       
| C24        4,7uF       
| C25        100nF       
| C26        10uF        
| C27        100nF       
| C28        100nF       
| C29        100nF       
| C30        100nF       
| C31        100nF       
| C32        18pF        
| C33        100nF       
| C34        100nF       
| C35        100nF       
| C36        18pF        
| C37        100nF       
| C38        100nF       
| C39        100nF       
| C40        100nF       
| C41        100nF       
| C42        100nF       
| C43        10uF        
| C44        100nF       
| C45        100nF       
| C46        2.2uF       
| C47        10nF        
| C48        100nF       
| C49        100nF       
| C50        100nF       
| C51        10nF        
| D1         SMAJ5.0A    
| D2         MBRS130LT3G 
| D3         MBRS130LT3G 
| D4         MBRS130LT3G 
| D5         LED +5V     
| D6         BAT54C      
| D7         P6SMB12CAT3G
| D8         P6SMB12CAT3G
| D9         P6SMB12CAT3G
| D10        LED         
| D11        LED         
| D12        LED         
| D13        ST1         
| D14        ST2         
| D15        LL4148      
| F1         USMF020     
| F2         USMF020     
| F3         MF-MSMF030-2
| F4         MF-MSMF110-2
| F5         MF-MSMF030-2
| F6         MF-MSMF110-2
| FB3        MMZ1608B601C
| FB4        MMZ1608B601C
| FD1        FIDUCIAL    
| FD2        FIDUCIAL    
| FD3        FIDUCIAL    
| FD4        FIDUCIAL    
| FD5        FIDUCIAL    
| FD6        FIDUCIAL    
| G2         OSHWA       
| J1         USB OTG     
| J2         TB_1X2      
| J3         JTAG DEBUG USB
| J4         JTAG DIRECTO
| J5         RS485       
| JP1        JUMPER      
| JP2        JUMPER      
| JP3        JUMPER      
| JP4        JUMPER      
| L1         ~           
| L2         ~           
| L5         ~           
| L6         ~           
| L7         MMZ1608B601C
| L8         BLM18KG221SN1D
| L9         ACML0603101 
| L10        ACML0603101 
| LED1       LED_ARBG    
| MH1        PCB_HOLE    
| MH2        PCB_HOLE    
| MH3        PCB_HOLE    
| MH4        PCB_HOLE    
| P1         CONN_20X2   
| P2         CONN_20X2   
| Q1         2N7002      
| Q2         2N7002      
| Q3         2N7002      
| Q4         2N7002      
| Q5         2N7002      
| Q6         2N7002      
| R1         10k         
| R2         10k         
| R3         1k          
| R4         12K 1%      
| R5         1K          
| R6         100         
| R7         10K         
| R8         10K         
| R9         10K         
| R10        10K         
| R11        2K2         
| R12        4K7         
| R13        4K7         
| R14        4K7         
| R15        390         
| R16        220         
| R17        390         
| R18        100         
| R19        1k          
| R20        1k          
| R21        1k          
| R22        1k          
| R23        10k         
| R24        10k         
| R25        10k         
| R26        10k         
| R27        330k        
| R28        10k         
| R29        680         
| R30        330k        
| R31        330k        
| R32        10k         
| R33        10k         
| R34        680         
| R35        680         
| R36        330k        
| R37        10k         
| R38        680         
| R39        330k        
| R40        330k        
| R41        10k         
| R42        10k         
| R43        680         
| R44        680         
| R45        1k2         
| R46        1k2         
| R47        1k2         
| R48        470         
| R49        680         
| R50        2K2         
| R51        680         
| R52        2K2         
| R53        22          
| R54        100         
| R55        10K         
| S1         TEC_1       
| S2         TEC_2       
| S3         TEC_3       
| S4         TEC_4       
| S5         RESET       
| T1         SRF2012     
| T2         SRF2012     
| TP1        TESTPOINT_PDN
| TP2        TESTPOINT_PDN
| U1         MIC2025-2YM 
| U2         PRTR5V0U2X  
| U3         NCP1117ST33T3G
| U4         SI501       
| U5         FT2232H     
| U6         74HC244     
| U7         PRTR5V0U2X  
| U8         93C56       
| U9         SP1486EEN-L 
| U10        MK60FX512VLQ15
| U11        SI501       
| Y1         32.768KHZ   
#End Cmp

#Componentes ( orden = Valor )
| CR2032       BT1       
| 18pF         C32       
| 18pF         C36       
| 10nF         C47       
| 10nF         C51       
| 100nF        C22       
| 100nF        C1        
| 100nF        C3        
| 100nF        C5        
| 100nF        C6        
| 100nF        C8        
| 100nF        C10       
| 100nF        C11       
| 100nF        C12       
| 100nF        C15       
| 100nF        C16       
| 100nF        C17       
| 100nF        C18       
| 100nF        C19       
| 100nF        C20       
| 100nF        C21       
| 100nF        C23       
| 100nF        C25       
| 100nF        C27       
| 100nF        C28       
| 100nF        C29       
| 100nF        C30       
| 100nF        C31       
| 100nF        C33       
| 100nF        C34       
| 100nF        C35       
| 100nF        C37       
| 100nF        C38       
| 100nF        C39       
| 100nF        C40       
| 100nF        C41       
| 100nF        C42       
| 100nF        C44       
| 100nF        C45       
| 100nF        C48       
| 100nF        C49       
| 100nF        C50       
| 2.2uF        C46       
| 4,7uF        C2        
| 4,7uF        C9        
| 4,7uF        C13       
| 4,7uF        C14       
| 4,7uF        C24       
| 10uF         C7        
| 10uF         C26       
| 10uF         C43       
| 330uF        C4        
| MBRS130LT3G  D2        
| MBRS130LT3G  D3        
| MBRS130LT3G  D4        
| P6SMB12CAT3G D7        
| P6SMB12CAT3G D8        
| P6SMB12CAT3G D9        
| SMAJ5.0A     D1        
| LED +5V      D5        
| LED          D10       
| LED          D11       
| LED          D12       
| ST1          D13       
| ST2          D14       
| LL4148       D15       
| BAT54C       D6        
| MF-MSMF030-2 F3        
| MF-MSMF110-2 F4        
| MF-MSMF030-2 F5        
| MF-MSMF110-2 F6        
| USMF020      F1        
| USMF020      F2        
| MMZ1608B601C FB3       
| MMZ1608B601C FB4       
| FIDUCIAL     FD1       
| FIDUCIAL     FD2       
| FIDUCIAL     FD3       
| FIDUCIAL     FD4       
| FIDUCIAL     FD5       
| FIDUCIAL     FD6       
| OSHWA        G2        
| RS485        J5        
| TB_1X2       J2        
| JTAG DIRECTO J4        
| USB OTG      J1        
| JTAG DEBUG USB J3        
| JUMPER       JP1       
| JUMPER       JP2       
| JUMPER       JP3       
| JUMPER       JP4       
| ~            L1        
| ~            L2        
| ~            L5        
| ~            L6        
| MMZ1608B601C L7        
| BLM18KG221SN1D L8        
| ACML0603101  L9        
| ACML0603101  L10       
| LED_ARBG     LED1      
| PCB_HOLE     MH1       
| PCB_HOLE     MH2       
| PCB_HOLE     MH3       
| PCB_HOLE     MH4       
| CONN_20X2    P1        
| CONN_20X2    P2        
| 2N7002       Q2        
| 2N7002       Q3        
| 2N7002       Q4        
| 2N7002       Q5        
| 2N7002       Q6        
| 2N7002       Q1        
| 22           R53       
| 100          R6        
| 100          R54       
| 100          R18       
| 220          R16       
| 390          R15       
| 390          R17       
| 470          R48       
| 680          R49       
| 680          R51       
| 680          R29       
| 680          R34       
| 680          R35       
| 680          R38       
| 680          R43       
| 680          R44       
| 1k           R3        
| 1K           R5        
| 1k           R19       
| 1k           R20       
| 1k           R21       
| 1k           R22       
| 1k2          R45       
| 1k2          R46       
| 1k2          R47       
| 2K2          R11       
| 2K2          R50       
| 2K2          R52       
| 4K7          R12       
| 4K7          R13       
| 4K7          R14       
| 10k          R1        
| 10k          R2        
| 10K          R7        
| 10K          R8        
| 10K          R9        
| 10K          R10       
| 10K          R55       
| 10k          R23       
| 10k          R24       
| 10k          R25       
| 10k          R26       
| 10k          R28       
| 10k          R32       
| 10k          R33       
| 10k          R37       
| 10k          R41       
| 10k          R42       
| 12K 1%       R4        
| 330k         R27       
| 330k         R30       
| 330k         R31       
| 330k         R36       
| 330k         R39       
| 330k         R40       
| TEC_1        S1        
| TEC_2        S2        
| TEC_3        S3        
| TEC_4        S4        
| RESET        S5        
| SRF2012      T1        
| SRF2012      T2        
| TESTPOINT_PDN TP1       
| TESTPOINT_PDN TP2       
| MK60FX512VLQ15 U10       
| SI501        U4        
| SI501        U11       
| MIC2025-2YM  U1        
| 93C56        U8        
| SP1486EEN-L  U9        
| PRTR5V0U2X   U2        
| PRTR5V0U2X   U7        
| NCP1117ST33T3G U3        
| FT2232H      U5        
| 74HC244      U6        
| 32.768KHZ    Y1        
#Fin Componentes

#Fin de Lista
